2803:1500:1400:: - - [15/May/2020:01:42:46 -0400] "GET /admin/addchoice.php?id=16 HTTP/1.1" 200 2769 weptt.org "http://weptt.org/admin/read.php?id=16" "Mozilla/5.0 (Windows NT 10.0; Win64; x64) AppleWebKit/537.36 (KHTML, like Gecko) Chrome/81.0.4044.138 Safari/537.36" "-"
2803:1500:1400:: - - [15/May/2020:01:42:46 -0400] "GET /admin/assets/images/mashuptemplate.svg HTTP/1.1" 404 1364 weptt.org "http://weptt.org/admin/addchoice.php?id=16" "Mozilla/5.0 (Windows NT 10.0; Win64; x64) AppleWebKit/537.36 (KHTML, like Gecko) Chrome/81.0.4044.138 Safari/537.36" "-"
209.161.242.0 - - [15/May/2020:01:42:47 -0400] "GET /admin/polls.php HTTP/1.1" 200 4326 www.weptt.org "-" "Mozilla/5.0 (Windows NT 10.0; Win64; x64) AppleWebKit/537.36 (KHTML, like Gecko) Chrome/81.0.4044.138 Safari/537.36" "-"
209.161.242.0 - - [15/May/2020:01:42:47 -0400] "GET /admin/assets/images/mashuptemplate.svg HTTP/1.1" 404 1364 www.weptt.org "http://www.weptt.org/admin/polls.php" "Mozilla/5.0 (Windows NT 10.0; Win64; x64) AppleWebKit/537.36 (KHTML, like Gecko) Chrome/81.0.4044.138 Safari/537.36" "-"
2803:1500:1400:: - - [15/May/2020:01:42:48 -0400] "GET /admin/read.php?id=16 HTTP/1.1" 200 2793 weptt.org "http://weptt.org/admin/addchoice.php?id=16" "Mozilla/5.0 (Windows NT 10.0; Win64; x64) AppleWebKit/537.36 (KHTML, like Gecko) Chrome/81.0.4044.138 Safari/537.36" "-"
2803:1500:1400:: - - [15/May/2020:01:42:48 -0400] "GET /admin/assets/images/mashuptemplate.svg HTTP/1.1" 404 1364 weptt.org "http://weptt.org/admin/read.php?id=16" "Mozilla/5.0 (Windows NT 10.0; Win64; x64) AppleWebKit/537.36 (KHTML, like Gecko) Chrome/81.0.4044.138 Safari/537.36" "-"
209.161.242.0 - - [15/May/2020:01:42:50 -0400] "GET /admin/delPoll.php?id=16 HTTP/1.1" 200 31 www.weptt.org "http://www.weptt.org/admin/polls.php" "Mozilla/5.0 (Windows NT 10.0; Win64; x64) AppleWebKit/537.36 (KHTML, like Gecko) Chrome/81.0.4044.138 Safari/537.36" "-"
2803:1500:1400:: - - [15/May/2020:01:42:50 -0400] "GET /admin/polls.php HTTP/1.1" 200 4014 weptt.org "http://weptt.org/admin/read.php?id=16" "Mozilla/5.0 (Windows NT 10.0; Win64; x64) AppleWebKit/537.36 (KHTML, like Gecko) Chrome/81.0.4044.138 Safari/537.36" "-"
2803:1500:1400:: - - [15/May/2020:01:42:50 -0400] "GET /admin/assets/images/mashuptemplate.svg HTTP/1.1" 404 1364 weptt.org "http://weptt.org/admin/polls.php" "Mozilla/5.0 (Windows NT 10.0; Win64; x64) AppleWebKit/537.36 (KHTML, like Gecko) Chrome/81.0.4044.138 Safari/537.36" "-"
209.161.242.0 - - [15/May/2020:01:43:11 -0400] "GET /admin/polls.php HTTP/1.1" 200 4014 www.weptt.org "-" "Mozilla/5.0 (Windows NT 10.0; Win64; x64) AppleWebKit/537.36 (KHTML, like Gecko) Chrome/81.0.4044.138 Safari/537.36" "-"
209.161.242.0 - - [15/May/2020:01:43:14 -0400] "GET /admin/create.php HTTP/1.1" 200 2724 www.weptt.org "http://www.weptt.org/admin/polls.php" "Mozilla/5.0 (Windows NT 10.0; Win64; x64) AppleWebKit/537.36 (KHTML, like Gecko) Chrome/81.0.4044.138 Safari/537.36" "-"
209.161.242.0 - - [15/May/2020:01:43:14 -0400] "GET /admin/assets/images/mashuptemplate.svg HTTP/1.1" 404 1364 www.weptt.org "http://www.weptt.org/admin/create.php" "Mozilla/5.0 (Windows NT 10.0; Win64; x64) AppleWebKit/537.36 (KHTML, like Gecko) Chrome/81.0.4044.138 Safari/537.36" "-"
209.161.242.0 - - [15/May/2020:01:43:25 -0400] "POST /admin/create.php HTTP/1.1" 200 2724 www.weptt.org "http://www.weptt.org/admin/create.php" "Mozilla/5.0 (Windows NT 10.0; Win64; x64) AppleWebKit/537.36 (KHTML, like Gecko) Chrome/81.0.4044.138 Safari/537.36" "-"
209.161.242.0 - - [15/May/2020:01:43:25 -0400] "GET /admin/assets/images/mashuptemplate.svg HTTP/1.1" 404 1364 www.weptt.org "http://www.weptt.org/admin/create.php" "Mozilla/5.0 (Windows NT 10.0; Win64; x64) AppleWebKit/537.36 (KHTML, like Gecko) Chrome/81.0.4044.138 Safari/537.36" "-"
209.161.242.0 - - [15/May/2020:01:43:30 -0400] "GET /admin/polls.php HTTP/1.1" 200 4326 www.weptt.org "http://www.weptt.org/admin/create.php" "Mozilla/5.0 (Windows NT 10.0; Win64; x64) AppleWebKit/537.36 (KHTML, like Gecko) Chrome/81.0.4044.138 Safari/537.36" "-"
209.161.242.0 - - [15/May/2020:01:43:30 -0400] "GET /admin/assets/images/mashuptemplate.svg HTTP/1.1" 404 1364 www.weptt.org "http://www.weptt.org/admin/polls.php" "Mozilla/5.0 (Windows NT 10.0; Win64; x64) AppleWebKit/537.36 (KHTML, like Gecko) Chrome/81.0.4044.138 Safari/537.36" "-"
209.161.242.0 - - [15/May/2020:01:43:32 -0400] "GET /admin/delPoll.php?id=17 HTTP/1.1" 302 - www.weptt.org "http://www.weptt.org/admin/polls.php" "Mozilla/5.0 (Windows NT 10.0; Win64; x64) AppleWebKit/537.36 (KHTML, like Gecko) Chrome/81.0.4044.138 Safari/537.36" "-"
209.161.242.0 - - [15/May/2020:01:43:32 -0400] "GET /polls.php HTTP/1.1" 404 1364 www.weptt.org "http://www.weptt.org/admin/polls.php" "Mozilla/5.0 (Windows NT 10.0; Win64; x64) AppleWebKit/537.36 (KHTML, like Gecko) Chrome/81.0.4044.138 Safari/537.36" "-"
209.161.242.0 - - [15/May/2020:01:44:17 -0400] "GET /admin/polls.php HTTP/1.1" 200 4014 www.weptt.org "http://www.weptt.org/admin/create.php" "Mozilla/5.0 (Windows NT 10.0; Win64; x64) AppleWebKit/537.36 (KHTML, like Gecko) Chrome/81.0.4044.138 Safari/537.36" "-"
209.161.242.0 - - [15/May/2020:01:44:19 -0400] "GET /admin/create.php HTTP/1.1" 200 2724 www.weptt.org "http://www.weptt.org/admin/polls.php" "Mozilla/5.0 (Windows NT 10.0; Win64; x64) AppleWebKit/537.36 (KHTML, like Gecko) Chrome/81.0.4044.138 Safari/537.36" "-"
209.161.242.0 - - [15/May/2020:01:44:19 -0400] "GET /admin/assets/images/mashuptemplate.svg HTTP/1.1" 404 1364 www.weptt.org "http://www.weptt.org/admin/create.php" "Mozilla/5.0 (Windows NT 10.0; Win64; x64) AppleWebKit/537.36 (KHTML, like Gecko) Chrome/81.0.4044.138 Safari/537.36" "-"
209.161.242.0 - - [15/May/2020:01:44:25 -0400] "POST /admin/create.php HTTP/1.1" 200 2724 www.weptt.org "http://www.weptt.org/admin/create.php" "Mozilla/5.0 (Windows NT 10.0; Win64; x64) AppleWebKit/537.36 (KHTML, like Gecko) Chrome/81.0.4044.138 Safari/537.36" "-"
209.161.242.0 - - [15/May/2020:01:44:25 -0400] "GET /admin/assets/images/mashuptemplate.svg HTTP/1.1" 404 1364 www.weptt.org "http://www.weptt.org/admin/create.php" "Mozilla/5.0 (Windows NT 10.0; Win64; x64) AppleWebKit/537.36 (KHTML, like Gecko) Chrome/81.0.4044.138 Safari/537.36" "-"
209.161.242.0 - - [15/May/2020:01:44:27 -0400] "GET /admin/polls.php HTTP/1.1" 200 4326 www.weptt.org "http://www.weptt.org/admin/create.php" "Mozilla/5.0 (Windows NT 10.0; Win64; x64) AppleWebKit/537.36 (KHTML, like Gecko) Chrome/81.0.4044.138 Safari/537.36" "-"
209.161.242.0 - - [15/May/2020:01:44:27 -0400] "GET /admin/assets/images/mashuptemplate.svg HTTP/1.1" 404 1364 www.weptt.org "http://www.weptt.org/admin/polls.php" "Mozilla/5.0 (Windows NT 10.0; Win64; x64) AppleWebKit/537.36 (KHTML, like Gecko) Chrome/81.0.4044.138 Safari/537.36" "-"
209.161.242.0 - - [15/May/2020:01:44:30 -0400] "GET /admin/delPoll.php?id=18 HTTP/1.1" 302 - www.weptt.org "http://www.weptt.org/admin/polls.php" "Mozilla/5.0 (Windows NT 10.0; Win64; x64) AppleWebKit/537.36 (KHTML, like Gecko) Chrome/81.0.4044.138 Safari/537.36" "-"
209.161.242.0 - - [15/May/2020:01:44:30 -0400] "GET /admin/polls.php HTTP/1.1" 200 4014 www.weptt.org "http://www.weptt.org/admin/polls.php" "Mozilla/5.0 (Windows NT 10.0; Win64; x64) AppleWebKit/537.36 (KHTML, like Gecko) Chrome/81.0.4044.138 Safari/537.36" "-"
209.161.242.0 - - [15/May/2020:01:44:30 -0400] "GET /admin/assets/images/mashuptemplate.svg HTTP/1.1" 404 1364 www.weptt.org "http://www.weptt.org/admin/polls.php" "Mozilla/5.0 (Windows NT 10.0; Win64; x64) AppleWebKit/537.36 (KHTML, like Gecko) Chrome/81.0.4044.138 Safari/537.36" "-"
2803:1500:1400:: - - [15/May/2020:01:44:37 -0400] "GET /admin/create.php HTTP/1.1" 200 2724 weptt.org "http://weptt.org/admin/polls.php" "Mozilla/5.0 (Windows NT 10.0; Win64; x64) AppleWebKit/537.36 (KHTML, like Gecko) Chrome/81.0.4044.138 Safari/537.36" "-"
2803:1500:1400:: - - [15/May/2020:01:44:37 -0400] "GET /admin/assets/images/mashuptemplate.svg HTTP/1.1" 404 1364 weptt.org "http://weptt.org/admin/create.php" "Mozilla/5.0 (Windows NT 10.0; Win64; x64) AppleWebKit/537.36 (KHTML, like Gecko) Chrome/81.0.4044.138 Safari/537.36" "-"
2803:1500:1400:: - - [15/May/2020:01:44:37 -0400] "GET /favicon.ico HTTP/1.1" 404 1364 weptt.org "http://weptt.org/admin/create.php" "Mozilla/5.0 (Windows NT 10.0; Win64; x64) AppleWebKit/537.36 (KHTML, like Gecko) Chrome/81.0.4044.138 Safari/537.36" "-"
2803:1500:1400:: - - [15/May/2020:01:44:43 -0400] "POST /admin/create.php HTTP/1.1" 200 2724 weptt.org "http://weptt.org/admin/create.php" "Mozilla/5.0 (Windows NT 10.0; Win64; x64) AppleWebKit/537.36 (KHTML, like Gecko) Chrome/81.0.4044.138 Safari/537.36" "-"
2803:1500:1400:: - - [15/May/2020:01:44:43 -0400] "GET /admin/assets/images/mashuptemplate.svg HTTP/1.1" 404 1364 weptt.org "http://weptt.org/admin/create.php" "Mozilla/5.0 (Windows NT 10.0; Win64; x64) AppleWebKit/537.36 (KHTML, like Gecko) Chrome/81.0.4044.138 Safari/537.36" "-"
2803:1500:1400:: - - [15/May/2020:01:44:45 -0400] "GET /admin/polls.php HTTP/1.1" 200 4326 weptt.org "http://weptt.org/admin/create.php" "Mozilla/5.0 (Windows NT 10.0; Win64; x64) AppleWebKit/537.36 (KHTML, like Gecko) Chrome/81.0.4044.138 Safari/537.36" "-"
2803:1500:1400:: - - [15/May/2020:01:44:45 -0400] "GET /admin/assets/images/mashuptemplate.svg HTTP/1.1" 404 1364 weptt.org "http://weptt.org/admin/polls.php" "Mozilla/5.0 (Windows NT 10.0; Win64; x64) AppleWebKit/537.36 (KHTML, like Gecko) Chrome/81.0.4044.138 Safari/537.36" "-"
2803:1500:1400:: - - [15/May/2020:01:44:50 -0400] "GET /admin/read.php?id=19 HTTP/1.1" 200 2793 weptt.org "http://weptt.org/admin/polls.php" "Mozilla/5.0 (Windows NT 10.0; Win64; x64) AppleWebKit/537.36 (KHTML, like Gecko) Chrome/81.0.4044.138 Safari/537.36" "-"
2803:1500:1400:: - - [15/May/2020:01:44:50 -0400] "GET /admin/assets/images/mashuptemplate.svg HTTP/1.1" 404 1364 weptt.org "http://weptt.org/admin/read.php?id=19" "Mozilla/5.0 (Windows NT 10.0; Win64; x64) AppleWebKit/537.36 (KHTML, like Gecko) Chrome/81.0.4044.138 Safari/537.36" "-"
209.161.242.0 - - [15/May/2020:01:44:52 -0400] "GET /admin/create.php HTTP/1.1" 200 2724 www.weptt.org "http://www.weptt.org/admin/polls.php" "Mozilla/5.0 (Windows NT 10.0; Win64; x64) AppleWebKit/537.36 (KHTML, like Gecko) Chrome/81.0.4044.138 Safari/537.36" "-"
2803:1500:1400:: - - [15/May/2020:01:44:52 -0400] "GET /admin/polls.php HTTP/1.1" 200 4326 weptt.org "http://weptt.org/admin/read.php?id=19" "Mozilla/5.0 (Windows NT 10.0; Win64; x64) AppleWebKit/537.36 (KHTML, like Gecko) Chrome/81.0.4044.138 Safari/537.36" "-"
2803:1500:1400:: - - [15/May/2020:01:44:53 -0400] "GET /admin/assets/images/mashuptemplate.svg HTTP/1.1" 404 1364 weptt.org "http://weptt.org/admin/polls.php" "Mozilla/5.0 (Windows NT 10.0; Win64; x64) AppleWebKit/537.36 (KHTML, like Gecko) Chrome/81.0.4044.138 Safari/537.36" "-"
209.161.242.0 - - [15/May/2020:01:44:53 -0400] "GET /admin/assets/images/mashuptemplate.svg HTTP/1.1" 404 1364 www.weptt.org "http://www.weptt.org/admin/create.php" "Mozilla/5.0 (Windows NT 10.0; Win64; x64) AppleWebKit/537.36 (KHTML, like Gecko) Chrome/81.0.4044.138 Safari/537.36" "-"
2803:1500:1400:: - - [15/May/2020:01:44:54 -0400] "GET /admin/create.php HTTP/1.1" 200 2724 weptt.org "http://weptt.org/admin/polls.php" "Mozilla/5.0 (Windows NT 10.0; Win64; x64) AppleWebKit/537.36 (KHTML, like Gecko) Chrome/81.0.4044.138 Safari/537.36" "-"
2803:1500:1400:: - - [15/May/2020:01:44:54 -0400] "GET /admin/assets/images/mashuptemplate.svg HTTP/1.1" 404 1364 weptt.org "http://weptt.org/admin/create.php" "Mozilla/5.0 (Windows NT 10.0; Win64; x64) AppleWebKit/537.36 (KHTML, like Gecko) Chrome/81.0.4044.138 Safari/537.36" "-"
2803:1500:1400:: - - [15/May/2020:01:45:00 -0400] "GET /admin/polls.php HTTP/1.1" 200 4326 weptt.org "http://weptt.org/admin/create.php" "Mozilla/5.0 (Windows NT 10.0; Win64; x64) AppleWebKit/537.36 (KHTML, like Gecko) Chrome/81.0.4044.138 Safari/537.36" "-"
2803:1500:1400:: - - [15/May/2020:01:45:00 -0400] "GET /admin/assets/images/mashuptemplate.svg HTTP/1.1" 404 1364 weptt.org "http://weptt.org/admin/polls.php" "Mozilla/5.0 (Windows NT 10.0; Win64; x64) AppleWebKit/537.36 (KHTML, like Gecko) Chrome/81.0.4044.138 Safari/537.36" "-"
209.161.242.0 - - [15/May/2020:01:45:01 -0400] "POST /admin/create.php HTTP/1.1" 200 2724 www.weptt.org "http://www.weptt.org/admin/create.php" "Mozilla/5.0 (Windows NT 10.0; Win64; x64) AppleWebKit/537.36 (KHTML, like Gecko) Chrome/81.0.4044.138 Safari/537.36" "-"
209.161.242.0 - - [15/May/2020:01:45:01 -0400] "GET /admin/assets/images/mashuptemplate.svg HTTP/1.1" 404 1364 www.weptt.org "http://www.weptt.org/admin/create.php" "Mozilla/5.0 (Windows NT 10.0; Win64; x64) AppleWebKit/537.36 (KHTML, like Gecko) Chrome/81.0.4044.138 Safari/537.36" "-"
209.161.242.0 - - [15/May/2020:01:45:06 -0400] "GET /admin/polls.php HTTP/1.1" 200 4638 www.weptt.org "http://www.weptt.org/admin/create.php" "Mozilla/5.0 (Windows NT 10.0; Win64; x64) AppleWebKit/537.36 (KHTML, like Gecko) Chrome/81.0.4044.138 Safari/537.36" "-"
209.161.242.0 - - [15/May/2020:01:45:06 -0400] "GET /admin/assets/images/mashuptemplate.svg HTTP/1.1" 404 1364 www.weptt.org "http://www.weptt.org/admin/polls.php" "Mozilla/5.0 (Windows NT 10.0; Win64; x64) AppleWebKit/537.36 (KHTML, like Gecko) Chrome/81.0.4044.138 Safari/537.36" "-"
2803:1500:1400:: - - [15/May/2020:01:45:07 -0400] "GET /admin/create.php HTTP/1.1" 200 2724 weptt.org "http://weptt.org/admin/polls.php" "Mozilla/5.0 (Windows NT 10.0; Win64; x64) AppleWebKit/537.36 (KHTML, like Gecko) Chrome/81.0.4044.138 Safari/537.36" "-"
2803:1500:1400:: - - [15/May/2020:01:45:07 -0400] "GET /admin/assets/images/mashuptemplate.svg HTTP/1.1" 404 1364 weptt.org "http://weptt.org/admin/create.php" "Mozilla/5.0 (Windows NT 10.0; Win64; x64) AppleWebKit/537.36 (KHTML, like Gecko) Chrome/81.0.4044.138 Safari/537.36" "-"
209.161.242.0 - - [15/May/2020:01:45:10 -0400] "GET /admin/read.php?id=20 HTTP/1.1" 200 2793 www.weptt.org "http://www.weptt.org/admin/polls.php" "Mozilla/5.0 (Windows NT 10.0; Win64; x64) AppleWebKit/537.36 (KHTML, like Gecko) Chrome/81.0.4044.138 Safari/537.36" "-"
209.161.242.0 - - [15/May/2020:01:45:10 -0400] "GET /admin/assets/images/mashuptemplate.svg HTTP/1.1" 404 1364 www.weptt.org "http://www.weptt.org/admin/read.php?id=20" "Mozilla/5.0 (Windows NT 10.0; Win64; x64) AppleWebKit/537.36 (KHTML, like Gecko) Chrome/81.0.4044.138 Safari/537.36" "-"
2803:1500:1400:: - - [15/May/2020:01:45:12 -0400] "GET /admin/polls.php HTTP/1.1" 200 4638 weptt.org "http://weptt.org/admin/create.php" "Mozilla/5.0 (Windows NT 10.0; Win64; x64) AppleWebKit/537.36 (KHTML, like Gecko) Chrome/81.0.4044.138 Safari/537.36" "-"
2803:1500:1400:: - - [15/May/2020:01:45:12 -0400] "GET /admin/assets/images/mashuptemplate.svg HTTP/1.1" 404 1364 weptt.org "http://weptt.org/admin/polls.php" "Mozilla/5.0 (Windows NT 10.0; Win64; x64) AppleWebKit/537.36 (KHTML, like Gecko) Chrome/81.0.4044.138 Safari/537.36" "-"
2803:1500:1400:: - - [15/May/2020:01:45:17 -0400] "GET /admin/delPoll.php?id=20 HTTP/1.1" 302 - weptt.org "http://weptt.org/admin/polls.php" "Mozilla/5.0 (Windows NT 10.0; Win64; x64) AppleWebKit/537.36 (KHTML, like Gecko) Chrome/81.0.4044.138 Safari/537.36" "-"
2803:1500:1400:: - - [15/May/2020:01:45:17 -0400] "GET /admin/polls.php HTTP/1.1" 200 4326 weptt.org "http://weptt.org/admin/polls.php" "Mozilla/5.0 (Windows NT 10.0; Win64; x64) AppleWebKit/537.36 (KHTML, like Gecko) Chrome/81.0.4044.138 Safari/537.36" "-"
2803:1500:1400:: - - [15/May/2020:01:45:17 -0400] "GET /admin/assets/images/mashuptemplate.svg HTTP/1.1" 404 1364 weptt.org "http://weptt.org/admin/polls.php" "Mozilla/5.0 (Windows NT 10.0; Win64; x64) AppleWebKit/537.36 (KHTML, like Gecko) Chrome/81.0.4044.138 Safari/537.36" "-"
209.161.242.0 - - [15/May/2020:01:45:21 -0400] "GET /admin/polls.php HTTP/1.1" 200 4326 www.weptt.org "http://www.weptt.org/admin/read.php?id=20" "Mozilla/5.0 (Windows NT 10.0; Win64; x64) AppleWebKit/537.36 (KHTML, like Gecko) Chrome/81.0.4044.138 Safari/537.36" "-"
209.161.242.0 - - [15/May/2020:01:45:21 -0400] "GET /admin/assets/images/mashuptemplate.svg HTTP/1.1" 404 1364 www.weptt.org "http://www.weptt.org/admin/polls.php" "Mozilla/5.0 (Windows NT 10.0; Win64; x64) AppleWebKit/537.36 (KHTML, like Gecko) Chrome/81.0.4044.138 Safari/537.36" "-"
2803:1500:1400:: - - [15/May/2020:01:45:32 -0400] "GET /admin/read.php?id=19 HTTP/1.1" 200 2793 weptt.org "http://weptt.org/admin/polls.php" "Mozilla/5.0 (Windows NT 10.0; Win64; x64) AppleWebKit/537.36 (KHTML, like Gecko) Chrome/81.0.4044.138 Safari/537.36" "-"
2803:1500:1400:: - - [15/May/2020:01:45:32 -0400] "GET /admin/assets/images/mashuptemplate.svg HTTP/1.1" 404 1364 weptt.org "http://weptt.org/admin/read.php?id=19" "Mozilla/5.0 (Windows NT 10.0; Win64; x64) AppleWebKit/537.36 (KHTML, like Gecko) Chrome/81.0.4044.138 Safari/537.36" "-"
2803:1500:1400:: - - [15/May/2020:01:45:34 -0400] "GET /admin/polls.php HTTP/1.1" 200 4326 weptt.org "http://weptt.org/admin/read.php?id=19" "Mozilla/5.0 (Windows NT 10.0; Win64; x64) AppleWebKit/537.36 (KHTML, like Gecko) Chrome/81.0.4044.138 Safari/537.36" "-"
2803:1500:1400:: - - [15/May/2020:01:45:34 -0400] "GET /admin/assets/images/mashuptemplate.svg HTTP/1.1" 404 1364 weptt.org "http://weptt.org/admin/polls.php" "Mozilla/5.0 (Windows NT 10.0; Win64; x64) AppleWebKit/537.36 (KHTML, like Gecko) Chrome/81.0.4044.138 Safari/537.36" "-"
2803:1500:1400:: - - [15/May/2020:01:48:14 -0400] "GET /admin/read.php?id=19 HTTP/1.1" 200 2793 weptt.org "http://weptt.org/admin/polls.php" "Mozilla/5.0 (Windows NT 10.0; Win64; x64) AppleWebKit/537.36 (KHTML, like Gecko) Chrome/81.0.4044.138 Safari/537.36" "-"
2803:1500:1400:: - - [15/May/2020:01:48:14 -0400] "GET /admin/assets/images/mashuptemplate.svg HTTP/1.1" 404 1364 weptt.org "http://weptt.org/admin/read.php?id=19" "Mozilla/5.0 (Windows NT 10.0; Win64; x64) AppleWebKit/537.36 (KHTML, like Gecko) Chrome/81.0.4044.138 Safari/537.36" "-"
2803:1500:1400:: - - [15/May/2020:01:48:16 -0400] "GET /admin/polls.php HTTP/1.1" 200 4326 weptt.org "http://weptt.org/admin/read.php?id=19" "Mozilla/5.0 (Windows NT 10.0; Win64; x64) AppleWebKit/537.36 (KHTML, like Gecko) Chrome/81.0.4044.138 Safari/537.36" "-"
2803:1500:1400:: - - [15/May/2020:01:48:16 -0400] "GET /admin/assets/images/mashuptemplate.svg HTTP/1.1" 404 1364 weptt.org "http://weptt.org/admin/polls.php" "Mozilla/5.0 (Windows NT 10.0; Win64; x64) AppleWebKit/537.36 (KHTML, like Gecko) Chrome/81.0.4044.138 Safari/537.36" "-"
209.161.242.0 - - [15/May/2020:01:49:18 -0400] "GET /admin/create.php HTTP/1.1" 200 2724 www.weptt.org "http://www.weptt.org/admin/polls.php" "Mozilla/5.0 (Windows NT 10.0; Win64; x64) AppleWebKit/537.36 (KHTML, like Gecko) Chrome/81.0.4044.138 Safari/537.36" "-"
209.161.242.0 - - [15/May/2020:01:49:18 -0400] "GET /admin/assets/images/mashuptemplate.svg HTTP/1.1" 404 1364 www.weptt.org "http://www.weptt.org/admin/create.php" "Mozilla/5.0 (Windows NT 10.0; Win64; x64) AppleWebKit/537.36 (KHTML, like Gecko) Chrome/81.0.4044.138 Safari/537.36" "-"
209.161.242.0 - - [15/May/2020:01:49:28 -0400] "POST /admin/create.php HTTP/1.1" 302 2724 www.weptt.org "http://www.weptt.org/admin/create.php" "Mozilla/5.0 (Windows NT 10.0; Win64; x64) AppleWebKit/537.36 (KHTML, like Gecko) Chrome/81.0.4044.138 Safari/537.36" "-"
209.161.242.0 - - [15/May/2020:01:49:28 -0400] "GET /admin/polls.php HTTP/1.1" 200 4638 www.weptt.org "http://www.weptt.org/admin/create.php" "Mozilla/5.0 (Windows NT 10.0; Win64; x64) AppleWebKit/537.36 (KHTML, like Gecko) Chrome/81.0.4044.138 Safari/537.36" "-"
209.161.242.0 - - [15/May/2020:01:49:28 -0400] "GET /admin/assets/images/mashuptemplate.svg HTTP/1.1" 404 1364 www.weptt.org "http://www.weptt.org/admin/polls.php" "Mozilla/5.0 (Windows NT 10.0; Win64; x64) AppleWebKit/537.36 (KHTML, like Gecko) Chrome/81.0.4044.138 Safari/537.36" "-"
2803:1500:1400:: - - [15/May/2020:01:49:36 -0400] "GET /admin/delPoll.php?id=19 HTTP/1.1" 302 - weptt.org "http://weptt.org/admin/polls.php" "Mozilla/5.0 (Windows NT 10.0; Win64; x64) AppleWebKit/537.36 (KHTML, like Gecko) Chrome/81.0.4044.138 Safari/537.36" "-"
2803:1500:1400:: - - [15/May/2020:01:49:36 -0400] "GET /admin/polls.php HTTP/1.1" 200 4326 weptt.org "http://weptt.org/admin/polls.php" "Mozilla/5.0 (Windows NT 10.0; Win64; x64) AppleWebKit/537.36 (KHTML, like Gecko) Chrome/81.0.4044.138 Safari/537.36" "-"
2803:1500:1400:: - - [15/May/2020:01:49:37 -0400] "GET /admin/assets/images/mashuptemplate.svg HTTP/1.1" 404 1364 weptt.org "http://weptt.org/admin/polls.php" "Mozilla/5.0 (Windows NT 10.0; Win64; x64) AppleWebKit/537.36 (KHTML, like Gecko) Chrome/81.0.4044.138 Safari/537.36" "-"
209.161.242.0 - - [15/May/2020:01:49:39 -0400] "GET /admin/delPoll.php?id=21 HTTP/1.1" 302 - www.weptt.org "http://www.weptt.org/admin/polls.php" "Mozilla/5.0 (Windows NT 10.0; Win64; x64) AppleWebKit/537.36 (KHTML, like Gecko) Chrome/81.0.4044.138 Safari/537.36" "-"
209.161.242.0 - - [15/May/2020:01:49:39 -0400] "GET /admin/polls.php HTTP/1.1" 200 4014 www.weptt.org "http://www.weptt.org/admin/polls.php" "Mozilla/5.0 (Windows NT 10.0; Win64; x64) AppleWebKit/537.36 (KHTML, like Gecko) Chrome/81.0.4044.138 Safari/537.36" "-"
209.161.242.0 - - [15/May/2020:01:49:39 -0400] "GET /admin/assets/images/mashuptemplate.svg HTTP/1.1" 404 1364 www.weptt.org "http://www.weptt.org/admin/polls.php" "Mozilla/5.0 (Windows NT 10.0; Win64; x64) AppleWebKit/537.36 (KHTML, like Gecko) Chrome/81.0.4044.138 Safari/537.36" "-"
2803:1500:1400:: - - [15/May/2020:01:49:40 -0400] "GET /admin/delPoll.php?id=21 HTTP/1.1" 302 - weptt.org "http://weptt.org/admin/polls.php" "Mozilla/5.0 (Windows NT 10.0; Win64; x64) AppleWebKit/537.36 (KHTML, like Gecko) Chrome/81.0.4044.138 Safari/537.36" "-"
2803:1500:1400:: - - [15/May/2020:01:49:40 -0400] "GET /admin/polls.php HTTP/1.1" 200 4014 weptt.org "http://weptt.org/admin/polls.php" "Mozilla/5.0 (Windows NT 10.0; Win64; x64) AppleWebKit/537.36 (KHTML, like Gecko) Chrome/81.0.4044.138 Safari/537.36" "-"
2803:1500:1400:: - - [15/May/2020:01:49:40 -0400] "GET /admin/assets/images/mashuptemplate.svg HTTP/1.1" 404 1364 weptt.org "http://weptt.org/admin/polls.php" "Mozilla/5.0 (Windows NT 10.0; Win64; x64) AppleWebKit/537.36 (KHTML, like Gecko) Chrome/81.0.4044.138 Safari/537.36" "-"
2803:1500:1400:: - - [15/May/2020:01:49:41 -0400] "GET /admin/create.php HTTP/1.1" 200 2724 weptt.org "http://weptt.org/admin/polls.php" "Mozilla/5.0 (Windows NT 10.0; Win64; x64) AppleWebKit/537.36 (KHTML, like Gecko) Chrome/81.0.4044.138 Safari/537.36" "-"
2803:1500:1400:: - - [15/May/2020:01:49:41 -0400] "GET /admin/assets/images/mashuptemplate.svg HTTP/1.1" 404 1364 weptt.org "http://weptt.org/admin/create.php" "Mozilla/5.0 (Windows NT 10.0; Win64; x64) AppleWebKit/537.36 (KHTML, like Gecko) Chrome/81.0.4044.138 Safari/537.36" "-"
2803:1500:1400:: - - [15/May/2020:01:49:43 -0400] "POST /admin/create.php HTTP/1.1" 302 2724 weptt.org "http://weptt.org/admin/create.php" "Mozilla/5.0 (Windows NT 10.0; Win64; x64) AppleWebKit/537.36 (KHTML, like Gecko) Chrome/81.0.4044.138 Safari/537.36" "-"
2803:1500:1400:: - - [15/May/2020:01:49:43 -0400] "GET /admin/polls.php HTTP/1.1" 200 4326 weptt.org "http://weptt.org/admin/create.php" "Mozilla/5.0 (Windows NT 10.0; Win64; x64) AppleWebKit/537.36 (KHTML, like Gecko) Chrome/81.0.4044.138 Safari/537.36" "-"
2803:1500:1400:: - - [15/May/2020:01:49:44 -0400] "GET /admin/assets/images/mashuptemplate.svg HTTP/1.1" 404 1364 weptt.org "http://weptt.org/admin/polls.php" "Mozilla/5.0 (Windows NT 10.0; Win64; x64) AppleWebKit/537.36 (KHTML, like Gecko) Chrome/81.0.4044.138 Safari/537.36" "-"
2803:1500:1400:: - - [15/May/2020:01:49:51 -0400] "GET /admin/read.php?id=22 HTTP/1.1" 200 2793 weptt.org "http://weptt.org/admin/polls.php" "Mozilla/5.0 (Windows NT 10.0; Win64; x64) AppleWebKit/537.36 (KHTML, like Gecko) Chrome/81.0.4044.138 Safari/537.36" "-"
2803:1500:1400:: - - [15/May/2020:01:49:51 -0400] "GET /admin/assets/images/mashuptemplate.svg HTTP/1.1" 404 1364 weptt.org "http://weptt.org/admin/read.php?id=22" "Mozilla/5.0 (Windows NT 10.0; Win64; x64) AppleWebKit/537.36 (KHTML, like Gecko) Chrome/81.0.4044.138 Safari/537.36" "-"
2803:1500:1400:: - - [15/May/2020:01:49:52 -0400] "GET /admin/polls.php HTTP/1.1" 200 4326 weptt.org "http://weptt.org/admin/read.php?id=22" "Mozilla/5.0 (Windows NT 10.0; Win64; x64) AppleWebKit/537.36 (KHTML, like Gecko) Chrome/81.0.4044.138 Safari/537.36" "-"
2803:1500:1400:: - - [15/May/2020:01:49:52 -0400] "GET /admin/assets/images/mashuptemplate.svg HTTP/1.1" 404 1364 weptt.org "http://weptt.org/admin/polls.php" "Mozilla/5.0 (Windows NT 10.0; Win64; x64) AppleWebKit/537.36 (KHTML, like Gecko) Chrome/81.0.4044.138 Safari/537.36" "-"
2803:1500:1400:: - - [15/May/2020:01:49:55 -0400] "GET /admin/create.php HTTP/1.1" 200 2724 weptt.org "http://weptt.org/admin/polls.php" "Mozilla/5.0 (Windows NT 10.0; Win64; x64) AppleWebKit/537.36 (KHTML, like Gecko) Chrome/81.0.4044.138 Safari/537.36" "-"
2803:1500:1400:: - - [15/May/2020:01:49:55 -0400] "GET /admin/assets/images/mashuptemplate.svg HTTP/1.1" 404 1364 weptt.org "http://weptt.org/admin/create.php" "Mozilla/5.0 (Windows NT 10.0; Win64; x64) AppleWebKit/537.36 (KHTML, like Gecko) Chrome/81.0.4044.138 Safari/537.36" "-"
2803:1500:1400:: - - [15/May/2020:01:49:58 -0400] "POST /admin/create.php HTTP/1.1" 302 2724 weptt.org "http://weptt.org/admin/create.php" "Mozilla/5.0 (Windows NT 10.0; Win64; x64) AppleWebKit/537.36 (KHTML, like Gecko) Chrome/81.0.4044.138 Safari/537.36" "-"
2803:1500:1400:: - - [15/May/2020:01:49:58 -0400] "GET /admin/polls.php HTTP/1.1" 200 4638 weptt.org "http://weptt.org/admin/create.php" "Mozilla/5.0 (Windows NT 10.0; Win64; x64) AppleWebKit/537.36 (KHTML, like Gecko) Chrome/81.0.4044.138 Safari/537.36" "-"
2803:1500:1400:: - - [15/May/2020:01:49:58 -0400] "GET /admin/assets/images/mashuptemplate.svg HTTP/1.1" 404 1364 weptt.org "http://weptt.org/admin/polls.php" "Mozilla/5.0 (Windows NT 10.0; Win64; x64) AppleWebKit/537.36 (KHTML, like Gecko) Chrome/81.0.4044.138 Safari/537.36" "-"
2803:1500:1400:: - - [15/May/2020:01:50:00 -0400] "GET /admin/read.php?id=23 HTTP/1.1" 200 2793 weptt.org "http://weptt.org/admin/polls.php" "Mozilla/5.0 (Windows NT 10.0; Win64; x64) AppleWebKit/537.36 (KHTML, like Gecko) Chrome/81.0.4044.138 Safari/537.36" "-"
2803:1500:1400:: - - [15/May/2020:01:50:01 -0400] "GET /admin/assets/images/mashuptemplate.svg HTTP/1.1" 404 1364 weptt.org "http://weptt.org/admin/read.php?id=23" "Mozilla/5.0 (Windows NT 10.0; Win64; x64) AppleWebKit/537.36 (KHTML, like Gecko) Chrome/81.0.4044.138 Safari/537.36" "-"
2803:1500:1400:: - - [15/May/2020:01:50:02 -0400] "GET /admin/polls.php HTTP/1.1" 200 4638 weptt.org "http://weptt.org/admin/read.php?id=23" "Mozilla/5.0 (Windows NT 10.0; Win64; x64) AppleWebKit/537.36 (KHTML, like Gecko) Chrome/81.0.4044.138 Safari/537.36" "-"
2803:1500:1400:: - - [15/May/2020:01:50:02 -0400] "GET /admin/assets/images/mashuptemplate.svg HTTP/1.1" 404 1364 weptt.org "http://weptt.org/admin/polls.php" "Mozilla/5.0 (Windows NT 10.0; Win64; x64) AppleWebKit/537.36 (KHTML, like Gecko) Chrome/81.0.4044.138 Safari/537.36" "-"
2803:1500:1400:: - - [15/May/2020:01:50:07 -0400] "GET /admin/delPoll.php?id=23 HTTP/1.1" 302 - weptt.org "http://weptt.org/admin/polls.php" "Mozilla/5.0 (Windows NT 10.0; Win64; x64) AppleWebKit/537.36 (KHTML, like Gecko) Chrome/81.0.4044.138 Safari/537.36" "-"
2803:1500:1400:: - - [15/May/2020:01:50:07 -0400] "GET /admin/polls.php HTTP/1.1" 200 4326 weptt.org "http://weptt.org/admin/polls.php" "Mozilla/5.0 (Windows NT 10.0; Win64; x64) AppleWebKit/537.36 (KHTML, like Gecko) Chrome/81.0.4044.138 Safari/537.36" "-"
2803:1500:1400:: - - [15/May/2020:01:50:07 -0400] "GET /admin/assets/images/mashuptemplate.svg HTTP/1.1" 404 1364 weptt.org "http://weptt.org/admin/polls.php" "Mozilla/5.0 (Windows NT 10.0; Win64; x64) AppleWebKit/537.36 (KHTML, like Gecko) Chrome/81.0.4044.138 Safari/537.36" "-"
2803:1500:1400:: - - [15/May/2020:01:50:13 -0400] "GET /admin/read.php?id=22 HTTP/1.1" 200 2793 weptt.org "http://weptt.org/admin/polls.php" "Mozilla/5.0 (Windows NT 10.0; Win64; x64) AppleWebKit/537.36 (KHTML, like Gecko) Chrome/81.0.4044.138 Safari/537.36" "-"
2803:1500:1400:: - - [15/May/2020:01:50:13 -0400] "GET /admin/assets/images/mashuptemplate.svg HTTP/1.1" 404 1364 weptt.org "http://weptt.org/admin/read.php?id=22" "Mozilla/5.0 (Windows NT 10.0; Win64; x64) AppleWebKit/537.36 (KHTML, like Gecko) Chrome/81.0.4044.138 Safari/537.36" "-"
209.161.242.0 - - [15/May/2020:01:50:14 -0400] "GET /logout.php HTTP/1.1" 200 - www.weptt.org "http://www.weptt.org/admin/polls.php" "Mozilla/5.0 (Windows NT 10.0; Win64; x64) AppleWebKit/537.36 (KHTML, like Gecko) Chrome/81.0.4044.138 Safari/537.36" "-"
209.161.242.0 - - [15/May/2020:01:50:15 -0400] "GET /index.php HTTP/1.1" 200 7618 www.weptt.org "http://www.weptt.org/logout.php" "Mozilla/5.0 (Windows NT 10.0; Win64; x64) AppleWebKit/537.36 (KHTML, like Gecko) Chrome/81.0.4044.138 Safari/537.36" "-"
209.161.242.0 - - [15/May/2020:01:50:15 -0400] "GET /main.41beeca9.js HTTP/1.1" 404 1364 www.weptt.org "http://www.weptt.org/index.php" "Mozilla/5.0 (Windows NT 10.0; Win64; x64) AppleWebKit/537.36 (KHTML, like Gecko) Chrome/81.0.4044.138 Safari/537.36" "-"
209.161.242.0 - - [15/May/2020:01:50:15 -0400] "GET /assets/images/mashuptemplate.svg HTTP/1.1" 304 - www.weptt.org "http://www.weptt.org/index.php" "Mozilla/5.0 (Windows NT 10.0; Win64; x64) AppleWebKit/537.36 (KHTML, like Gecko) Chrome/81.0.4044.138 Safari/537.36" "-"
209.161.242.0 - - [15/May/2020:01:50:15 -0400] "GET /css/important.css HTTP/1.1" 304 - www.weptt.org "http://www.weptt.org/index.php" "Mozilla/5.0 (Windows NT 10.0; Win64; x64) AppleWebKit/537.36 (KHTML, like Gecko) Chrome/81.0.4044.138 Safari/537.36" "-"
209.161.242.0 - - [15/May/2020:01:50:15 -0400] "GET /assets/images/img-home.jpg HTTP/1.1" 304 - www.weptt.org "http://www.weptt.org/index.php" "Mozilla/5.0 (Windows NT 10.0; Win64; x64) AppleWebKit/537.36 (KHTML, like Gecko) Chrome/81.0.4044.138 Safari/537.36" "-"
209.161.242.0 - - [15/May/2020:01:50:15 -0400] "GET /main.41beeca9.js HTTP/1.1" 404 1364 www.weptt.org "http://www.weptt.org/index.php" "Mozilla/5.0 (Windows NT 10.0; Win64; x64) AppleWebKit/537.36 (KHTML, like Gecko) Chrome/81.0.4044.138 Safari/537.36" "-"
2803:1500:1400:: - - [15/May/2020:01:50:16 -0400] "GET /admin/polls.php HTTP/1.1" 200 4326 weptt.org "http://weptt.org/admin/read.php?id=22" "Mozilla/5.0 (Windows NT 10.0; Win64; x64) AppleWebKit/537.36 (KHTML, like Gecko) Chrome/81.0.4044.138 Safari/537.36" "-"
2803:1500:1400:: - - [15/May/2020:01:50:17 -0400] "GET /admin/assets/images/mashuptemplate.svg HTTP/1.1" 404 1364 weptt.org "http://weptt.org/admin/polls.php" "Mozilla/5.0 (Windows NT 10.0; Win64; x64) AppleWebKit/537.36 (KHTML, like Gecko) Chrome/81.0.4044.138 Safari/537.36" "-"
2803:1500:1400:: - - [15/May/2020:01:50:20 -0400] "GET /admin/read.php?id=22 HTTP/1.1" 200 2793 weptt.org "http://weptt.org/admin/polls.php" "Mozilla/5.0 (Windows NT 10.0; Win64; x64) AppleWebKit/537.36 (KHTML, like Gecko) Chrome/81.0.4044.138 Safari/537.36" "-"
2803:1500:1400:: - - [15/May/2020:01:50:20 -0400] "GET /admin/assets/images/mashuptemplate.svg HTTP/1.1" 404 1364 weptt.org "http://weptt.org/admin/read.php?id=22" "Mozilla/5.0 (Windows NT 10.0; Win64; x64) AppleWebKit/537.36 (KHTML, like Gecko) Chrome/81.0.4044.138 Safari/537.36" "-"
2803:1500:1400:: - - [15/May/2020:01:50:23 -0400] "GET /admin/polls.php HTTP/1.1" 200 4326 weptt.org "http://weptt.org/admin/read.php?id=22" "Mozilla/5.0 (Windows NT 10.0; Win64; x64) AppleWebKit/537.36 (KHTML, like Gecko) Chrome/81.0.4044.138 Safari/537.36" "-"
2803:1500:1400:: - - [15/May/2020:01:50:23 -0400] "GET /admin/assets/images/mashuptemplate.svg HTTP/1.1" 404 1364 weptt.org "http://weptt.org/admin/polls.php" "Mozilla/5.0 (Windows NT 10.0; Win64; x64) AppleWebKit/537.36 (KHTML, like Gecko) Chrome/81.0.4044.138 Safari/537.36" "-"
2803:1500:1400:: - - [15/May/2020:01:50:28 -0400] "GET /admin/users.php HTTP/1.1" 200 3202 weptt.org "http://weptt.org/admin/polls.php" "Mozilla/5.0 (Windows NT 10.0; Win64; x64) AppleWebKit/537.36 (KHTML, like Gecko) Chrome/81.0.4044.138 Safari/537.36" "-"
2803:1500:1400:: - - [15/May/2020:01:50:28 -0400] "GET /admin/assets/images/mashuptemplate.svg HTTP/1.1" 404 1364 weptt.org "http://weptt.org/admin/users.php" "Mozilla/5.0 (Windows NT 10.0; Win64; x64) AppleWebKit/537.36 (KHTML, like Gecko) Chrome/81.0.4044.138 Safari/537.36" "-"
2803:1500:1400:: - - [15/May/2020:01:50:29 -0400] "GET /admin/index.php HTTP/1.1" 200 6137 weptt.org "http://weptt.org/admin/users.php" "Mozilla/5.0 (Windows NT 10.0; Win64; x64) AppleWebKit/537.36 (KHTML, like Gecko) Chrome/81.0.4044.138 Safari/537.36" "-"
2803:1500:1400:: - - [15/May/2020:01:50:30 -0400] "GET /admin/assets/images/mashuptemplate.svg HTTP/1.1" 404 1364 weptt.org "http://weptt.org/admin/index.php" "Mozilla/5.0 (Windows NT 10.0; Win64; x64) AppleWebKit/537.36 (KHTML, like Gecko) Chrome/81.0.4044.138 Safari/537.36" "-"
2803:1500:1400:: - - [15/May/2020:01:50:31 -0400] "GET /index.php HTTP/1.1" 200 7738 weptt.org "http://weptt.org/admin/index.php" "Mozilla/5.0 (Windows NT 10.0; Win64; x64) AppleWebKit/537.36 (KHTML, like Gecko) Chrome/81.0.4044.138 Safari/537.36" "-"
2803:1500:1400:: - - [15/May/2020:01:50:31 -0400] "GET /assets/images/mashuptemplate.svg HTTP/1.1" 304 - weptt.org "http://weptt.org/index.php" "Mozilla/5.0 (Windows NT 10.0; Win64; x64) AppleWebKit/537.36 (KHTML, like Gecko) Chrome/81.0.4044.138 Safari/537.36" "-"
2803:1500:1400:: - - [15/May/2020:01:50:31 -0400] "GET /css/important.css HTTP/1.1" 304 - weptt.org "http://weptt.org/index.php" "Mozilla/5.0 (Windows NT 10.0; Win64; x64) AppleWebKit/537.36 (KHTML, like Gecko) Chrome/81.0.4044.138 Safari/537.36" "-"
2803:1500:1400:: - - [15/May/2020:01:50:31 -0400] "GET /main.41beeca9.js HTTP/1.1" 404 1364 weptt.org "http://weptt.org/index.php" "Mozilla/5.0 (Windows NT 10.0; Win64; x64) AppleWebKit/537.36 (KHTML, like Gecko) Chrome/81.0.4044.138 Safari/537.36" "-"
2803:1500:1400:: - - [15/May/2020:01:50:31 -0400] "GET /assets/images/img-home.jpg HTTP/1.1" 304 - weptt.org "http://weptt.org/index.php" "Mozilla/5.0 (Windows NT 10.0; Win64; x64) AppleWebKit/537.36 (KHTML, like Gecko) Chrome/81.0.4044.138 Safari/537.36" "-"
2803:1500:1400:: - - [15/May/2020:01:50:32 -0400] "GET /admin/index.php HTTP/1.1" 200 6137 weptt.org "http://weptt.org/index.php" "Mozilla/5.0 (Windows NT 10.0; Win64; x64) AppleWebKit/537.36 (KHTML, like Gecko) Chrome/81.0.4044.138 Safari/537.36" "-"
2803:1500:1400:: - - [15/May/2020:01:50:32 -0400] "GET /admin/assets/images/mashuptemplate.svg HTTP/1.1" 404 1364 weptt.org "http://weptt.org/admin/index.php" "Mozilla/5.0 (Windows NT 10.0; Win64; x64) AppleWebKit/537.36 (KHTML, like Gecko) Chrome/81.0.4044.138 Safari/537.36" "-"
2803:1500:1400:: - - [15/May/2020:01:50:44 -0400] "GET /admin/index.php HTTP/1.1" 200 6137 weptt.org "http://weptt.org/admin/index.php" "Mozilla/5.0 (Windows NT 10.0; Win64; x64) AppleWebKit/537.36 (KHTML, like Gecko) Chrome/81.0.4044.138 Safari/537.36" "-"
2803:1500:1400:: - - [15/May/2020:01:50:44 -0400] "GET /admin/assets/images/mashuptemplate.svg HTTP/1.1" 404 1364 weptt.org "http://weptt.org/admin/index.php" "Mozilla/5.0 (Windows NT 10.0; Win64; x64) AppleWebKit/537.36 (KHTML, like Gecko) Chrome/81.0.4044.138 Safari/537.36" "-"
2803:1500:1400:: - - [15/May/2020:01:50:45 -0400] "GET /admin/users.php HTTP/1.1" 200 3202 weptt.org "http://weptt.org/admin/index.php" "Mozilla/5.0 (Windows NT 10.0; Win64; x64) AppleWebKit/537.36 (KHTML, like Gecko) Chrome/81.0.4044.138 Safari/537.36" "-"
2803:1500:1400:: - - [15/May/2020:01:50:45 -0400] "GET /admin/assets/images/mashuptemplate.svg HTTP/1.1" 404 1364 weptt.org "http://weptt.org/admin/users.php" "Mozilla/5.0 (Windows NT 10.0; Win64; x64) AppleWebKit/537.36 (KHTML, like Gecko) Chrome/81.0.4044.138 Safari/537.36" "-"
2803:1500:1400:: - - [15/May/2020:01:50:46 -0400] "GET /admin/polls.php HTTP/1.1" 200 4326 weptt.org "http://weptt.org/admin/users.php" "Mozilla/5.0 (Windows NT 10.0; Win64; x64) AppleWebKit/537.36 (KHTML, like Gecko) Chrome/81.0.4044.138 Safari/537.36" "-"
2803:1500:1400:: - - [15/May/2020:01:50:47 -0400] "GET /admin/assets/images/mashuptemplate.svg HTTP/1.1" 404 1364 weptt.org "http://weptt.org/admin/polls.php" "Mozilla/5.0 (Windows NT 10.0; Win64; x64) AppleWebKit/537.36 (KHTML, like Gecko) Chrome/81.0.4044.138 Safari/537.36" "-"
2803:1500:1400:: - - [15/May/2020:01:50:55 -0400] "GET /index.php HTTP/1.1" 200 7738 weptt.org "http://weptt.org/admin/polls.php" "Mozilla/5.0 (Windows NT 10.0; Win64; x64) AppleWebKit/537.36 (KHTML, like Gecko) Chrome/81.0.4044.138 Safari/537.36" "-"
2803:1500:1400:: - - [15/May/2020:01:50:55 -0400] "GET /main.41beeca9.js HTTP/1.1" 404 1364 weptt.org "http://weptt.org/index.php" "Mozilla/5.0 (Windows NT 10.0; Win64; x64) AppleWebKit/537.36 (KHTML, like Gecko) Chrome/81.0.4044.138 Safari/537.36" "-"
2803:1500:1400:: - - [15/May/2020:01:50:55 -0400] "GET /main.41beeca9.js HTTP/1.1" 404 1364 weptt.org "http://weptt.org/index.php" "Mozilla/5.0 (Windows NT 10.0; Win64; x64) AppleWebKit/537.36 (KHTML, like Gecko) Chrome/81.0.4044.138 Safari/537.36" "-"
2803:1500:1400:: - - [15/May/2020:01:50:56 -0400] "GET /elections.php HTTP/1.1" 200 5381 weptt.org "http://weptt.org/index.php" "Mozilla/5.0 (Windows NT 10.0; Win64; x64) AppleWebKit/537.36 (KHTML, like Gecko) Chrome/81.0.4044.138 Safari/537.36" "-"
2803:1500:1400:: - - [15/May/2020:01:50:57 -0400] "GET /main.41beeca9.js HTTP/1.1" 404 1364 weptt.org "http://weptt.org/elections.php" "Mozilla/5.0 (Windows NT 10.0; Win64; x64) AppleWebKit/537.36 (KHTML, like Gecko) Chrome/81.0.4044.138 Safari/537.36" "-"
